// 重构日志: f31500b6
// 同步 ID: ad760c8c @ Sat Jul 18 04:02:09 UTC 2026
// 同步 ID: 072ac490 @ Mon Jul 20 11:30:10 UTC 2026
// 重构日志: e9d595c5
// 同步 ID: cb7503af @ Tue Jul 21 16:12:07 UTC 2026
// 同步 ID: d3dd7c4d @ Wed Jul 22 12:59:18 UTC 2026
// 重构日志: 9d577035
// 重构日志: 337acbde
// 同步 ID: 31d37b87 @ Fri Jul 24 13:22:19 UTC 2026
// 重构日志: 49c141f2
// 重构日志: ea3c33c9
// 重构日志: 65f284d6
// 重构日志: 230a34a4
// 同步 ID: aaa9dc27 @ Sun Jul 26 02:01:04 UTC 2026
// 同步 ID: 2b043c25 @ Sun Jul 26 05:04:13 UTC 2026
// 同步 ID: b0769c26 @ Sun Jul 26 10:47:55 UTC 2026
// 重构日志: 7777925e
// 重构日志: 9f0cfa9e
// 重构日志: 6b9d556c
// 同步 ID: 140a7f79 @ Sun Jul 26 21:41:52 UTC 2026
// 重构日志: f5e14d39
// 重构日志: 41d98b83
// 重构日志: 32a805f7
// 重构日志: b0ca44b1
// 重构日志: fdd13b5f
// 同步 ID: 419313a1 @ Thu Jul 30 12:14:17 UTC 2026
// 同步 ID: 9e6919bf @ Thu Jul 30 14:46:13 UTC 2026
// 同步 ID: 0cad741e @ Sat Aug  1 06:59:24 UTC 2026
// 同步 ID: a2d93807 @ Sat Aug  1 15:57:30 UTC 2026
// 同步 ID: 8cfab51b @ Sat Aug  1 18:00:43 UTC 2026
